<?xml version="1.0" encoding="UTF-8"?>
<testsuites name="Mocha Tests" time="0.907" tests="2" failures="0">
  <testsuite name="Root Suite" timestamp="2019-08-27T13:52:58" tests="0" failures="0" time="0">
  </testsuite>
  <testsuite name="Landing page and login" timestamp="2019-08-27T13:52:58" tests="2" failures="0" time="0.907">
    <testcase name="Landing page and login shows login button" time="0.526" classname="shows login button">
    </testcase>
    <testcase name="Landing page and login redirects to the dashboard when logged in" time="0.381" classname="redirects to the dashboard when logged in">
    </testcase>
  </testsuite>
</testsuites>